I'm sorry, but errors were detected in your script. Please correct the
errors listed below, and try again.


File "game/chapters/01/introduction.rpy", line 24: expected statement.
    bg 1st_september
                    ^

Ren'Py Version: Ren'Py 8.0.3.22090809
Wed Oct 26 19:27:32 2022
